// 重构日志: 3cb98e15
// 同步 ID: e61dacfa @ Wed Jul 15 03:48:08 UTC 2026
// 重构日志: c2cba712
// 重构日志: 2b66c039
// 重构日志: 0a826e09
// 重构日志: cbe259ec
// 同步 ID: e0a9badf @ Sat Jul 18 00:39:46 UTC 2026
// 同步 ID: debdd248 @ Sat Jul 18 09:09:26 UTC 2026
// 同步 ID: ec395811 @ Sat Jul 18 15:15:37 UTC 2026
// 重构日志: d997ba2e
// 重构日志: c258d556
// 重构日志: 57be6836
// 重构日志: 1cafa495
// 同步 ID: 63d771f6 @ Tue Jul 21 12:09:03 UTC 2026
// 同步 ID: da86da35 @ Tue Jul 21 16:49:10 UTC 2026
// 重构日志: e27d7b0d
// 同步 ID: a5bec154 @ Wed Jul 22 07:19:00 UTC 2026
// 同步 ID: 11b11376 @ Wed Jul 22 12:21:26 UTC 2026
// 重构日志: 3fd6ad06
// 重构日志: a6c01565
// 重构日志: b043e4b4
// 重构日志: 4ad1a89b
// 重构日志: 2048f706
// 重构日志: 30b5a124
// 重构日志: 7f3e9165
// 重构日志: 551a5e0f
// 重构日志: e7090257
// 重构日志: 326aeebf
// 重构日志: 84b2bd58
// 同步 ID: f7d4a331 @ Mon Jul 27 08:17:59 UTC 2026
// 重构日志: 8a7a3616
